<file path="source.cs">
#nullable enable

namespace Constructs.Simple02;
public class BankAccount {
    public dynamic BalanceChanged;
    public string AccountNumber { get; }
    public decimal Balance { get; set; }
    public BankAccount(string accountNumber, decimal openingBalance);
    public void Deposit(decimal amount);
    public void Withdraw(decimal amount);
    public override string ToString();
}
public struct Money {
    public Money(decimal amount, string currency);
    public decimal Amount { get; }
    public string Currency { get; }
    public bool Equals(other Money);
    public override int GetHashCode();
    public override string ToString();
}
public class SavingsAccount : BankAccount {
    public decimal InterestRate { get; set; }
    public SavingsAccount(string accountNumber, decimal interestRate, decimal openingBalance);
    public void AddMonthlyInterest();
}
</file>
