<file path="/home/janreges/ai-distiller/testdata/java/02_simple_oop/source.java">
package com.aidi.test.oop;
import java.util.Objects;

+class SimpleOOP {
    +final String id;
    +SimpleOOP(String id, String name);
    +SimpleOOP(String id);
    +String getName();
    +void setName(String name);
    @Override
    +String toString();
}
</file>
