<file path="source.rs">

trait Configurable {
}

trait DataSource {
}

struct ServerConfig {
    pub host: String,
    pub port: u16,
}

impl Configurable for ServerConfig {
}

fn process_all_sources(sources: Vec<&dyn DataSource>, mut processor: F)

trait AdvancedContainer<const N: usize> {
}

struct FixedArray<T: Clone, const N: usize>;

impl FixedArray<T, N> {

    fn new() -> Self
}

impl AdvancedContainer<N> for FixedArray<T, N> {
}

trait AsyncDataProcessor {
}
</file>
