<file path="source.java">
package com.aidi.test.modern;
import java.util.stream.Stream;

interface Shape {
}

class ModernJava {
    static void main(String[] args);
}
</file>
