<file path="source.js">
const EventEmitter = require('events')
const NotificationMixin = { async send(payload) -> Promise<boolean>, _validatePayload(payload) -> boolean }

class BaseNotificationService extends EventEmitter:
    constructor(serviceName: string)
    get stats() -> Object
    get isActive() -> boolean
    async send(payload: Object) -> Promise<boolean>
    async processNotification(payload: Object) -> Promise<boolean>
    deactivate()
    activate()

class EmailNotificationService extends BaseNotificationService:
    constructor(config: Object = {})
    async send(payload: Object) -> Promise<boolean>
    getActiveConnections() -> number

class SMSNotificationService extends BaseNotificationService:
    constructor(provider: string = 'default')
    async send(payload: Object) -> Promise<boolean>
</file>
