<file path="/home/janreges/ai-distiller/testdata/java/01_basic/source.java">
package com.aidi.test.basic;

class Basic {
    static void main(String[] args) 
    {
            String world = "World";
            int repetitions = 3;
            for (int i = 0; i < repetitions; i++) {
                String message = createGreeting(world, i + 1);
                System.out.println(message);
            }
        }
}
</file>
