<file path="source.java">
package com.aidi.test.basic
/**
 * A basic class to test fundamental parsing of methods, variables, and control flow.
 */

public class Basic {
    private static final String GREETING_PREFIX = "Hello, ";
    /**
     * Standard Java entry point. @param args Command line arguments (unused).
     */
    public static void main(String[] args);
    /**
     * A private helper method to test visibility and method invocation.
     */
    private static String createGreeting(String name, int count);
}
</file>
