<file path="source.kt">
import kotlinx.coroutines
import kotlinx.coroutines.channels.Channel
import kotlinx.coroutines.flow.Flow
import kotlinx.coroutines.flow.flow
import kotlinx.coroutines.flow.collect
import kotlin.reflect.KClass
import kotlin.contracts.ExperimentalContracts
import kotlin.contracts.contract
interface Repository {
    suspend fun findById(id: String): T?
    suspend fun findAll(): List<T>
    suspend fun count(): Long
}
interface MutableRepository {
    suspend fun save(entity: T): T
    suspend fun update(entity: T): T
    suspend fun delete(id: String): Boolean
    suspend fun saveAll(entities: List): List<T>
}
abstract class BaseService {
    fun constructor(repository: R)
    inline fun <U> findByType(): Flow<U> {
= flow {
        repository.findAll()
            .filterIsInstance<U>()
            .forEach { emit(it) }
    }
    }
    suspend fun <K> processEntities(transformer: (T) -> K, filter: (K) -> Boolean): List<K>
    suspend fun <U> findAndMap(id: String, mapper: (T) -> U): U?
    abstract suspend fun validateEntity(entity: T): ValidationResult
}
interface Entity {
    override fun compareTo(other: Entity): Int {
= id.compareTo(other.id)
    }
}
data class User(val id: String, val version: Long, val name: String, val email: String, val role: UserRole) {
    fun compareByName(other: User): Int {
= name.compareTo(other.name)
    }
}
enum class UserRole {
    ADMIN
    MODERATOR
    USER
    GUEST
}
sealed class ValidationResult {
    object Valid {
    }
    data class Invalid(val errors: List) {
    }
    fun isValid(): Boolean {
= this is Valid
    }
    fun getErrors(): List<String> {
= when (this) {
        is Valid -> emptyList()
        is Invalid -> errors
    }
    }
}
class UserRepository {
    override suspend fun findById(id: String): User? {
= withContext(Dispatchers.IO) {
        delay(10) // Simulate database delay
        mutex.withLock { users[id] }
    }
    }
    override suspend fun findAll(): List<User> {
= withContext(Dispatchers.IO) {
        delay(20)
        mutex.withLock { users.values.toList() }
    }
    }
    override suspend fun count(): Long {
= withContext(Dispatchers.IO) {
        mutex.withLock { users.size.toLong() }
    }
    }
    override suspend fun save(entity: User): User {
= withContext(Dispatchers.IO) {
        delay(15)
        mutex.withLock {
            users[entity.id] = entity
            entity
        }
    }
    }
    override suspend fun update(entity: User): User {
= withContext(Dispatchers.IO) {
        delay(15)
        mutex.withLock {
            users[entity.id] = entity.copy(version = entity.version + 1)
            users[entity.id]!!
        }
    }
    }
    override suspend fun delete(id: String): Boolean {
= withContext(Dispatchers.IO) {
        delay(10)
        mutex.withLock { users.remove(id) != null }
    }
    }
    override suspend fun saveAll(entities: List): List<User> {
= withContext(Dispatchers.IO) {
        delay(entities.size * 5L)
        mutex.withLock {
            entities.forEach { users[it.id] = it }
            entities
        }
    }
    }
    fun findByRoleFlow(role: UserRole): Flow<User> {
= flow {
        findAll()
            .filter { it.role == role }
            .forEach { emit(it) }
    }
    }
}
class UserService {
    fun constructor(repository: UserRepository)
    override suspend fun validateEntity(entity: User): ValidationResult
    inline fun <T> getEventsOfType(): Flow<T> {
= flow {
        for (event in eventChannel) {
            if (event is T) emit(event)
        }
    }
    }
    suspend fun processUsersInBatches(batchSize: Int, processor: (List<User>) -> Unit)
    suspend fun createUsersAsync(userDtos: List): List<User> {
= coroutineScope {
        userDtos.map { dto ->
            async(Dispatchers.IO) {
                val user = User(
                    id = generateId(),
                    version = 1L,
                    name = dto.name,
                    email = dto.email,
                    role = dto.role
                )

                when (val validation = validateEntity(user)) {
                    is ValidationResult.Valid -> {
                        repository.save(user)
                        eventChannel.trySend(UserEvent.Created(user.id))
                        user
                    }
                    is ValidationResult.Invalid -> {
                        throw IllegalArgumentException("Invalid user: ${validation.errors}")
                    }
                }
            }
        }.awaitAll()
    }
    }
}
sealed class UserEvent {
    data class Created(val userId: String) {
    }
    data class Updated(val userId: String) {
    }
    data class Deleted(val userId: String) {
    }
}
data class UserDto(val name: String, val email: String, val role: UserRole) {
}
class Cache {
    fun constructor(maxSize: Int)
    fun get(key: K): V?
    fun put(key: K, value: V, ttlMillis: Long)
    fun clearExpired()
}
inline fun <T> T?.requireNotNull(message: () -> String): T
inline fun <T, R, S> combineAndTransform(first: T, second: R, transformer: (T, R) -> S): S
inline fun <T> Any.safeCast(): T?
suspend fun <T> List<T>.forEachAsync(dispatcher: CoroutineDispatcher, action: (T) -> Unit) {
= coroutineScope {
    map { async(dispatcher) { action(it) } }.awaitAll()
}
}
fun main() {
= runBlocking {
    val userRepository = UserRepository()
    val userService = UserService(userRepository)
    val cache = Cache<String, User>()

    // Create users asynchronously
    val userDtos = listOf(
        UserDto("Alice", "alice@example.com", UserRole.ADMIN),
        UserDto("Bob", "bob@example.com", UserRole.USER),
        UserDto("Charlie", "charlie@example.com", UserRole.MODERATOR)
    )

    val createdUsers = userService.createUsersAsync(userDtos)
    println("Created ${createdUsers.size} users")

    // Use cache
    createdUsers.forEach { user ->
        cache.put(user.id, user)
    }

    // Process users in batches
    userService.processUsersInBatches(2) { batch ->
        println("Processing batch of ${batch.size} users")
        batch.forEach { user ->
            println("- ${user.name} (${user.role})")
        }
    }

    // Use generic method with reified type
    userService.findByType<User>().collect { user ->
        println("Found user: ${user.name}")
    }

    // Use extension function
    val users = listOf("Alice", "Bob", "Charlie")
    users.forEachAsync {
        println("Processing $it asynchronously")
        delay(100)
    }
}
}
</file>
