<file path="source.ts">

export interface INotifiable<P> {
    method handleNotification(payload: P): void
}
type NotificationPayload<T> = {
  recipient: T;
  message: string;
  timestamp: Date;
}

export class EmailNotificationService extends BaseNotificationService {
    public constructor()
    public async send<T extends { id: string | number; email: string }>(payload: NotificationPayload<T>): Promise<boolean>
}
</file>
