<file path="/home/janreges/ai-distiller/testdata/swift/01_basic/source.swift">
import Foundation
</file>
