<file path="construct2_value_types.swift">
// MARK: - Construct 2: Value Types & State
// Test 1: Enum with associated values. A core Swift feature.
// Test 2: A struct with mixed properties and a mutating method.
</file>
