<file path="source.swift">
// //
// //  03_medium.swift
// //  DistillerSample
// //
// //  Demonstrates: generics, extensions, protocol with associatedtype,
// //  constrained extensions, custom error types, higher-order functions.
// //
import Foundation
// // MARK: - Generic Stack
// /// A simple LIFO stack.

public class Stack {
    // /// Pushes a new element.
    public push(_: Element)
    // /// Returns the top element without removing it.
    public peek() -> Element?
    // /// Removes and returns the top element.
    public pop() -> Element?
    // /// Private helper for validation
    // /// Internal method for debugging
}
// // Constrained extension adding `average()` only when `Element` is numeric.

public class  {
    // /// Computes the arithmetic mean of all integers in the stack.
    // /// - Throws: `MathError.emptyStack` if there are no elements.
    // /// Private helper for numeric validation
}
// /// Errors for math-centric operations.

public class MathError {
}
// // MARK: - Protocol & Extension with AssociatedType
// /// Describes a cache that stores key/value pairs.

public protocol Cacheable {
}
// /// Dictionary already satisfies `Cacheable` when paired properly.
// /// Generic cache with expiration

public class ExpiringCache {
    public insert(_: Value, for: Key)
    public value(for: Key) -> Value?
    public contains(key: Key) -> Bool
    // /// Private cleanup method
    // /// Internal method for cache statistics
}
// // MARK: - Demo
</file>
