<file path="source.cpp">
#include "iostream"
#include "string"
#include "vector"
#include "memory"
#include "algorithm"
#include "functional"
#include "type_traits"
#include "utility"
#include "tuple"
#include "variant"
#include "optional"
#include "any"
#include "thread"
#include "future"
#include "chrono"
#include "concepts"
#include "coroutine"
#include "ranges"
#include "span"
struct SimpleTask {
    void SimpleTask(auto h)
    void ~SimpleTask()
    void SimpleTask(SimpleTask& other)
    SimpleTask& operator=(SimpleTask& other)
    void SimpleTask(const SimpleTask )
    SimpleTask& operator=(const SimpleTask )
    auto handle_;
};
template<typename T>
class HasAdvancedMethods {
    void test_serialize(int )
    void test_serialize()
    void test_deserialize(int )
    void test_deserialize()
    void test_validate(int )
    void test_validate()
    static bool has_serialize;
    static bool has_deserialize;
    static bool has_validate;
    static bool is_serializable;
};
template<typename AdvancedNumeric>
class AdvancedProcessor {
    void AdvancedProcessor(const & name)
    T process(const T& data)
    template<typename Container>
    void processContainer(const Container& container)
    void generateSequence(T start, size_t count)
    SimpleTask processAsync(const T& data)
    bool validateInput(const T& value) const
    auto name_;
    T processAtCompileTime(T value) const
};
class TypeErasedContainer {
    template<typename T>
    void store(T& value)
    void processAll(F& f) const
    template<typename T>
    void get() const
    size_t size() const
    auto data_;
};
size_t processString(const char* str) {
    {
            size_t len = 0;
            while (str[len] != '\0') {
                ++len;
            }
            return len;
        }
}
template<typename AdvancedNumeric>
T complexCalculation(T value) const {
    {
            T result = value;
            for (int i = 0; i < 5; ++i) {
                result = result * static_cast<T>(2) + static_cast<T>(1);
            }
            return result;
        }
}
void processRange(Range& range) {
    {
            namespace views = std::views;
            
            return range | views::filter([](const auto& x) { return x > 0; })
                        | views::transform([](const auto& x) { return x * 2; })
                        | views::take(10);
        }
}
void demonstrateVeryComplexFeatures();
</file>
