<file path="source.cpp">
#include "iostream"
#include "string"
#include "vector"
#include "memory"
#include "algorithm"
#include "functional"
#include "type_traits"
#include "utility"
#include "tuple"
#include "variant"
#include "optional"
#include "any"
#include "thread"
#include "future"
#include "chrono"
#include "concepts"
#include "coroutine"
#include "ranges"
#include "span"
struct SimpleTask {
    SimpleTask(auto h)
    ~SimpleTask()
    SimpleTask(SimpleTask& other)
    SimpleTask& operator=(SimpleTask& other)
    SimpleTask(const SimpleTask )
    SimpleTask& operator=(const SimpleTask )
};
template<typename T>
class HasAdvancedMethods {
    static test_serialize(int )
    static test_serialize()
    static test_deserialize(int )
    static test_deserialize()
    static test_validate(int )
    static test_validate()
    static bool has_serialize;
    static bool has_deserialize;
    static bool has_validate;
    static bool is_serializable;
};
template<typename AdvancedNumeric>
class AdvancedProcessor {
    AdvancedProcessor(const & name)
    T process(const T& data)
    template<typename Container>
    processContainer(const Container& container)
    generateSequence(T start, size_t count)
    SimpleTask processAsync(const T& data)
};
class TypeErasedContainer {
    template<typename T>
    void store(T& value)
    void processAll(F& f) const
    template<typename T>
    get() const
    size_t size() const
};
size_t processString(const char* str);
template<typename AdvancedNumeric>
T complexCalculation(T value) const;
processRange(Range& range);
void demonstrateVeryComplexFeatures();
</file>
