<file path="/home/janreges/ai-distiller/testdata/javascript/01_basic/source.js">
// Public constants
const EMAIL_REGEX = /^[^\s@]+@[^\s@]+\.[^\s@]+$/
const MIN_PASSWORD_LENGTH = 8
// Private helper constant
const _VALIDATION_CACHE = new Map()
function isValidEmail(email: string) -> boolean
function isValidPassword(password: string) -> boolean
function formatUserDisplay(id: number, name: string) -> string
// Export public API
// module.exports = {
    EMAIL_REGEX,
    MIN_PASSWORD_LENGTH,
    isValidEmail,
    isValidPassword,
    formatUserDisplay
}
</file>
