<file path="source.rb">

module AdvancedMetaprogramming
    def self.included(base)

    module ClassMethods
        def intercept_method_chain(*method_names*, &interceptor)
        def method_chain(name, &definition)

    class MethodChainContext
        def initialize(target, chain_name)
        def step(name, &block)
        def execute(&final_block)

module CodeGenerator
    def self.generate_crud_methods(class_name, table_name)
    def self.generate_validators(target_class, validations)
    def self.build_validation_code(field, rules)

class RuntimeCodeModifier
    def initialize
    def modify_method(target, method_name, &new_implementation)
    def restore_method(target, method_name)
    def create_method_proxy(target)
    def should_intercept?(method_name)
    def intercept_call(target, method_name, args, block)

class QueryDSL
    def initialize
    def where(condition)
    def join(table, on:)
    def order(field, direction:)
    def limit(count)
    def compile_to_ruby
    def execute

class SelfModifyingClass
    @modifications
    def self.add_modification(&block)
    def self.apply_modifications
    def self.evolve(&evolution_block)
    def modify_self_class(&block)
    def inspect_modifications

class CustomDispatchFactory
    def self.create_class_with_dispatch(class_name, &dispatch_logic)
</file>
