<file path="/home/janreges/ai-distiller/test-data/php/construct5_very_complex.php">
import App\Data\Models\Product
import App\Data\Contracts\Cacheable
import App\Data\Contracts\Deletable
import App\Data\Traits\HasSoftDeletes
import \Serializable
# Implementing a built-in PHP interface
# An attribute for declarative configuration

@\Attribute(\Attribute::TARGET_CLASS)
class RepositoryConfig:
    +model: string
    +__construct(model: string)

interface FindableById:
    +find(id: int) -> object|null

@RepositoryConfig(model: Product::class)
class ProductRepository(BaseRepository) implements FindableById, Cacheable, Deletable, Serializable:
    # Uses traits: HasSoftDeletes
    -static queryCount: int
    #searchableFields: array
    +__construct()
    +find(id: int) -> ?Product
    +findBy(field: string, value: mixed) -> Product[]
    +clearCache() -> bool
    +serialize() -> string
    +unserialize(data: string) -> void
# Note: Other classes like Product, BaseRepository, etc., would be defined elsewhere.
# This construct specifically tests the AI's ability to analyze ProductRepository.
</file>
