<file path="source.rs">
// 01_basic.rs
// A test case for basic Rust constructs.
// The main entry point of the application.
// A module to handle application settings.
// This tests the parser's ability to handle inline module definitions.

pub mod settings {
    // The public name of the application.

    pub const APP_NAME: &str = "AI Distiller";
    // A private constant, not visible outside this module.
    // Returns the full version string.
    // This function is public and can be called from outside `settings`.

    pub fn get_version() -> String
    // A private function, only callable within the `settings` module.
    // The parser should correctly identify its scope and visibility.
}
</file>
