<file path="source.swift">
import Foundation
import Combine
// /// A property wrapper that clamps a numeric value within a given range
// /// and publishes changes via a Combine publisher.

public class Clamped {
    public var wrappedValue: Value
    // /// The projected value is a Combine publisher that emits new values.
    public var projectedValue: AnyPublisher<Value, Never>
    // /// Private helper for validation
}
// /// A simple validation result type.

public class ValidationResult {
}
// /// A result builder for creating an array of `ValidationResult` declaratively.

public class ConfigurationBuilder {
    public buildBlock(_: ValidationResult) -> [ValidationResult]
    public buildExpression(_: String) -> ValidationResult
    public buildEither(first: [ValidationResult]) -> [ValidationResult]
    public buildEither(second: [ValidationResult]) -> [ValidationResult]
    // /// Private helper for building optional components
}
// /// A protocol for items that can be described.

public protocol Describable {
    // /// A textual description of the instance.
    // /// Resets to a default state.
}
// /// A read-only proxy for accessing UserSettings.

public class SettingsProxy {
    // /// Private helper for proxy validation
}
// /// Main settings structure for a user.

public class UserSettings {
    // /// Creates a read-only proxy for these settings.
    public asProxy() -> SettingsProxy
    // /// Private validation method
    // /// Internal method for settings synchronization
}
</file>
